// Vitest Snapshot v1, https://vitest.dev/guide/snapshot.html

exports[`Header > matches its snapshot 1`] = `
<header
  class="MuiPaper-root MuiPaper-elevation MuiPaper-elevation0 MuiAppBar-root MuiAppBar-colorTransparent MuiAppBar-positionSticky css-fo3vqv-MuiPaper-root-MuiAppBar-root"
  style="--Paper-shadow: none;"
>
  <div
    class="MuiToolbar-root MuiToolbar-regular css-1ha5ddx-MuiToolbar-root"
  >
    <div
      class="MuiContainer-root MuiContainer-maxWidthLg css-3d0c8j-MuiContainer-root"
    >
      <button
        aria-label="Repo Radar — go to dashboard"
        class="MuiButtonBase-root css-diw4qt-MuiButtonBase-root"
        tabindex="0"
        type="button"
      >
        <div
          class="MuiStack-root css-kdc3n8-MuiStack-root"
        >
          <svg
            aria-hidden="true"
            class="MuiSvgIcon-root MuiSvgIcon-colorPrimary MuiSvgIcon-fontSizeMedium css-1wtp6o0-MuiSvgIcon-root"
            data-testid="RadarRoundedIcon"
            focusable="false"
            viewBox="0 0 24 24"
          >
            <path
              d="M19.74 18.33C21.15 16.6 22 14.4 22 12c0-5.52-4.48-10-10-10S2 6.48 2 12s4.48 10 10 10c2.4 0 4.6-.85 6.33-2.26.27-.22.53-.46.78-.71.03-.03.05-.06.07-.08.2-.2.39-.41.56-.62M12 20c-4.41 0-8-3.59-8-8s3.59-8 8-8 8 3.59 8 8c0 1.85-.63 3.54-1.69 4.9l-1.43-1.43c.69-.98 1.1-2.17 1.1-3.46 0-3.31-2.69-6-6-6s-6 2.69-6 6 2.69 6 6 6c1.3 0 2.51-.42 3.49-1.13l1.42 1.42C15.54 19.37 13.85 20 12 20m1.92-7.49c.17-.66.02-1.38-.49-1.9l-.02-.02c-.77-.77-2-.78-2.78-.04-.01.01-.03.02-.05.04-.78.78-.78 2.05 0 2.83l.02.02c.52.51 1.25.67 1.91.49l1.51 1.51c-.6.36-1.29.58-2.04.58-2.21 0-4-1.79-4-4s1.79-4 4-4 4 1.79 4 4c0 .73-.21 1.41-.56 2z"
            />
          </svg>
          <div
            class="MuiBox-root css-13brihr"
          >
            <h6
              class="MuiTypography-root MuiTypography-subtitle1 css-vdu31u-MuiTypography-root"
            >
              Repo Radar
            </h6>
            <span
              class="MuiTypography-root MuiTypography-caption css-1mpumf8-MuiTypography-root"
            >
              Search, track, and monitor GitHub repositories
            </span>
          </div>
        </div>
      </button>
      <div
        class="MuiBox-root css-1q9vdmg"
      >
        <div
          aria-label="Search GitHub repositories"
          class="MuiFormControl-root MuiFormControl-fullWidth MuiTextField-root css-cmpglg-MuiFormControl-root-MuiTextField-root"
        >
          <div
            class="MuiInputBase-root MuiOutlinedInput-root MuiInputBase-colorPrimary MuiInputBase-fullWidth MuiInputBase-formControl MuiInputBase-sizeSmall MuiInputBase-adornedStart css-ot336b-MuiInputBase-root-MuiOutlinedInput-root"
          >
            <div
              class="MuiInputAdornment-root MuiInputAdornment-positionStart MuiInputAdornment-outlined MuiInputAdornment-sizeSmall css-1nowbqt-MuiInputAdornment-root"
            >
              <span
                aria-hidden="true"
                class="notranslate"
              >
                ​
              </span>
              <svg
                aria-hidden="true"
                class="MuiSvgIcon-root MuiSvgIcon-fontSizeSmall css-120dh41-MuiSvgIcon-root"
                data-testid="SearchRoundedIcon"
                focusable="false"
                viewBox="0 0 24 24"
              >
                <path
                  d="M15.5 14h-.79l-.28-.27c1.2-1.4 1.82-3.31 1.48-5.34-.47-2.78-2.79-5-5.59-5.34-4.23-.52-7.79 3.04-7.27 7.27.34 2.8 2.56 5.12 5.34 5.59 2.03.34 3.94-.28 5.34-1.48l.27.28v.79l4.25 4.25c.41.41 1.08.41 1.49 0s.41-1.08 0-1.49zm-6 0C7.01 14 5 11.99 5 9.5S7.01 5 9.5 5 14 7.01 14 9.5 11.99 14 9.5 14"
                />
              </svg>
            </div>
            <input
              aria-invalid="false"
              class="MuiInputBase-input MuiOutlinedInput-input MuiInputBase-inputSizeSmall MuiInputBase-inputAdornedStart css-1q55ijt-MuiInputBase-input-MuiOutlinedInput-input"
              id="_r_p_"
              maxlength="100"
              placeholder="Search GitHub repositories…"
              type="text"
              value=""
            />
            <fieldset
              aria-hidden="true"
              class="MuiOutlinedInput-notchedOutline css-18p5xg2-MuiNotchedOutlined-root-MuiOutlinedInput-notchedOutline"
            >
              <legend
                class="css-1nf2c5d-MuiNotchedOutlined-root"
              >
                <span
                  aria-hidden="true"
                  class="notranslate"
                >
                  ​
                </span>
              </legend>
            </fieldset>
          </div>
        </div>
      </div>
      <div
        class="MuiStack-root css-kdc3n8-MuiStack-root"
      >
        <span
          aria-label="Refresh all"
          class=""
          data-mui-internal-clone-element="true"
          style="display: contents;"
        >
          <button
            class="MuiButtonBase-root Mui-disabled MuiIconButton-root Mui-disabled MuiIconButton-sizeMedium css-1u2umrh-MuiButtonBase-root-MuiIconButton-root"
            disabled=""
            tabindex="-1"
            type="button"
          >
            <svg
              aria-hidden="true"
              class="MuiSvgIcon-root MuiSvgIcon-fontSizeMedium css-1umw9bq-MuiSvgIcon-root"
              data-testid="RefreshRoundedIcon"
              focusable="false"
              viewBox="0 0 24 24"
            >
              <path
                d="M17.65 6.35c-1.63-1.63-3.94-2.57-6.48-2.31-3.67.37-6.69 3.35-7.1 7.02C3.52 15.91 7.27 20 12 20c3.19 0 5.93-1.87 7.21-4.56.32-.67-.16-1.44-.9-1.44-.37 0-.72.2-.88.53-1.13 2.43-3.84 3.97-6.8 3.31-2.22-.49-4.01-2.3-4.48-4.52C5.31 9.44 8.26 6 12 6c1.66 0 3.14.69 4.22 1.78l-1.51 1.51c-.63.63-.19 1.71.7 1.71H19c.55 0 1-.45 1-1V6.41c0-.89-1.08-1.34-1.71-.71z"
              />
            </svg>
          </button>
        </span>
        <button
          class="MuiButtonBase-root MuiButton-root MuiButton-contained MuiButton-containedPrimary MuiButton-sizeSmall MuiButton-containedSizeSmall MuiButton-colorPrimary Mui-disabled MuiButton-root MuiButton-contained MuiButton-containedPrimary MuiButton-sizeSmall MuiButton-containedSizeSmall MuiButton-colorPrimary css-9hd60t-MuiButtonBase-root-MuiButton-root"
          disabled=""
          tabindex="-1"
          type="button"
        >
          <span
            class="MuiButton-icon MuiButton-startIcon MuiButton-iconSizeSmall css-d8i980-MuiButton-startIcon"
          >
            <svg
              aria-hidden="true"
              class="MuiSvgIcon-root MuiSvgIcon-fontSizeMedium css-1umw9bq-MuiSvgIcon-root"
              data-testid="RefreshRoundedIcon"
              focusable="false"
              viewBox="0 0 24 24"
            >
              <path
                d="M17.65 6.35c-1.63-1.63-3.94-2.57-6.48-2.31-3.67.37-6.69 3.35-7.1 7.02C3.52 15.91 7.27 20 12 20c3.19 0 5.93-1.87 7.21-4.56.32-.67-.16-1.44-.9-1.44-.37 0-.72.2-.88.53-1.13 2.43-3.84 3.97-6.8 3.31-2.22-.49-4.01-2.3-4.48-4.52C5.31 9.44 8.26 6 12 6c1.66 0 3.14.69 4.22 1.78l-1.51 1.51c-.63.63-.19 1.71.7 1.71H19c.55 0 1-.45 1-1V6.41c0-.89-1.08-1.34-1.71-.71z"
              />
            </svg>
          </span>
          Refresh all
        </button>
        <button
          aria-label="Switch to dark theme"
          class="MuiButtonBase-root MuiIconButton-root MuiIconButton-sizeMedium css-53g0n7-MuiButtonBase-root-MuiIconButton-root"
          data-mui-internal-clone-element="true"
          tabindex="0"
          type="button"
        >
          <svg
            aria-hidden="true"
            class="MuiSvgIcon-root MuiSvgIcon-fontSizeMedium css-1umw9bq-MuiSvgIcon-root"
            data-testid="DarkModeRoundedIcon"
            focusable="false"
            viewBox="0 0 24 24"
          >
            <path
              d="M11.01 3.05C6.51 3.54 3 7.36 3 12c0 4.97 4.03 9 9 9 4.63 0 8.45-3.5 8.95-8 .09-.79-.78-1.42-1.54-.95-.84.54-1.84.85-2.91.85-2.98 0-5.4-2.42-5.4-5.4 0-1.06.31-2.06.84-2.89.45-.67-.04-1.63-.93-1.56"
            />
          </svg>
        </button>
      </div>
    </div>
  </div>
</header>
`;
